2025-04-10 13:08:03 | INFO | Starting bot polling...
2025-04-10 13:08:03 | INFO | Bot started
2025-04-10 13:08:09 | INFO | User 1337142737 started the bot
2025-04-10 13:08:11 | INFO | User 1337142737 opened calendar
2025-04-10 13:08:12 | SUCCESS | User 1337142737 added new date: 25.04.2025
2025-04-10 13:08:14 | INFO | User 1337142737 requested their events
2025-04-10 13:08:15 | INFO | User 1337142737 initiated event deletion
2025-04-10 13:08:16 | DEBUG | User 1337142737 selected date for deletion: 25.04.2025
2025-04-10 13:09:07 | WARNING | Bot shutting down
2025-04-10 13:09:07 | INFO | Bot stopped
2025-04-10 13:09:07 | INFO | Bot stopped by user
2025-04-10 13:14:54 | INFO | Starting bot polling...
2025-04-10 13:14:54 | INFO | Bot started
2025-04-10 13:15:00 | INFO | User 1337142737 started the bot
2025-04-10 13:15:02 | INFO | User 1337142737 opened calendar
2025-04-10 13:15:16 | SUCCESS | User 1337142737 added new date: 22.04.2025
2025-04-10 13:15:18 | INFO | User 1337142737 requested their events
2025-04-10 13:15:19 | INFO | User 1337142737 initiated event deletion
2025-04-10 13:15:21 | DEBUG | User 1337142737 selected date for deletion: 22.04.2025
2025-04-10 13:15:25 | DEBUG | User 1337142737 requested today's date
2025-04-10 13:15:28 | INFO | User 1337142737 requested their events
2025-04-10 13:19:53 | WARNING | Bot shutting down
2025-04-10 13:19:54 | INFO | Bot stopped
2025-04-10 13:19:54 | INFO | Bot stopped by user
2025-04-10 13:19:58 | INFO | Starting bot polling...
2025-04-10 13:19:58 | INFO | Bot started
2025-04-10 13:20:20 | INFO | User 1337142737 started the bot
2025-04-10 13:20:24 | INFO | User 1337142737 opened calendar
2025-04-10 13:20:27 | SUCCESS | User 1337142737 added new date: 11.04.2025 (ID: 543a572e-982d-4a54-af6f-1f81c735e4cc)
2025-04-10 13:20:38 | INFO | User 1337142737 requested their events (page 0)
2025-04-10 13:20:51 | SUCCESS | User 1337142737 deleted event 543a572e-982d-4a54-af6f-1f81c735e4cc (11.04.2025)
2025-04-10 13:20:52 | INFO | User 7341852338 requested their events (page 0)
2025-04-10 13:21:05 | INFO | User 7341852338 requested their events (page 0)
2025-04-10 13:21:11 | DEBUG | User 1337142737 requested today's date
2025-04-10 13:21:21 | INFO | User 1337142737 started the bot
2025-04-10 13:21:23 | INFO | User 1337142737 opened calendar
2025-04-10 13:21:24 | SUCCESS | User 1337142737 added new date: 17.04.2025 (ID: f5375aab-dde8-4e00-a46a-10a587e76ba8)
2025-04-10 13:21:27 | INFO | User 1337142737 opened calendar
2025-04-10 13:21:29 | SUCCESS | User 1337142737 added new date: 26.04.2025 (ID: bb7fe2ab-c9e3-49f4-9822-ad969ca77246)
2025-04-10 13:21:36 | SUCCESS | User 1337142737 cleared all events (2 removed)
2025-04-10 13:21:43 | WARNING | Bot shutting down
2025-04-10 13:21:44 | INFO | Bot stopped
2025-04-10 13:21:44 | INFO | Bot stopped by user
2025-04-10 14:05:59 | INFO | Starting bot polling...
2025-04-10 14:05:59 | INFO | Bot started
2025-04-10 14:06:15 | INFO | User 1337142737 started the bot
2025-04-10 14:06:17 | INFO | User 1337142737 opened calendar
2025-04-10 14:06:32 | SUCCESS | User 1337142737 added new date: 11.04.2025 (ID: ef68ade6-ee50-4fe2-ae8d-0bb067d1a9d1)
2025-04-10 14:06:34 | INFO | User 1337142737 requested their events
2025-04-10 14:06:36 | SUCCESS | User 1337142737 deleted event ef68ade6-ee50-4fe2-ae8d-0bb067d1a9d1 (11.04.2025)
2025-04-10 14:13:27 | INFO | User 1337142737 started the bot
2025-04-10 14:13:34 | WARNING | Bot shutting down
2025-04-10 14:13:34 | INFO | Bot stopped
2025-04-10 14:13:34 | INFO | Bot stopped by user
2025-04-10 14:38:52 | INFO | Starting bot polling...
2025-04-10 14:38:52 | INFO | Bot started
2025-04-10 14:38:52 | INFO | User 1337142737 opened calendar
2025-04-10 14:38:59 | INFO | User 1337142737 started the bot
2025-04-10 14:39:01 | INFO | User 1337142737 opened calendar
2025-04-10 14:39:03 | SUCCESS | User 1337142737 added new date: 25.04.2025 (ID: 28c575b9-7dc9-408c-9788-f14f766a12d9)
2025-04-10 14:39:05 | INFO | User 1337142737 requested their events
2025-04-10 14:39:09 | SUCCESS | User 1337142737 deleted event 28c575b9-7dc9-408c-9788-f14f766a12d9 (25.04.2025)
2025-04-10 14:42:12 | WARNING | Bot shutting down
2025-04-10 14:42:12 | INFO | Bot stopped
2025-04-10 14:42:12 | INFO | Bot stopped by user
2025-04-10 14:42:28 | INFO | Starting bot polling...
2025-04-10 14:42:28 | INFO | Bot started
2025-04-10 14:42:41 | INFO | User 1337142737 started the bot
2025-04-10 14:42:43 | INFO | User 1337142737 opened calendar
2025-04-10 14:42:45 | SUCCESS | User 1337142737 added new date: 11.04.2025 (ID: b55f3365-cb80-4c84-86e2-ee8e4b459e24)
2025-04-10 14:42:49 | INFO | User 1337142737 requested their events
2025-04-10 14:43:13 | INFO | User 1337142737 requested their events
2025-04-10 14:43:20 | INFO | User 1337142737 requested their events
2025-04-10 14:43:23 | SUCCESS | User 1337142737 deleted event b55f3365-cb80-4c84-86e2-ee8e4b459e24 (11.04.2025)
2025-04-10 14:43:27 | DEBUG | User 1337142737 requested today's date
2025-04-10 14:46:19 | INFO | User 1337142737 requested their events
2025-04-10 14:46:22 | INFO | User 1337142737 started the bot
2025-04-10 14:46:25 | DEBUG | User 1337142737 requested today's date
2025-04-10 14:46:27 | INFO | User 1337142737 requested their events
2025-04-10 14:46:29 | INFO | User 1337142737 opened calendar
2025-04-10 14:46:31 | SUCCESS | User 1337142737 added new date: 11.04.2025 (ID: 8741bf82-422f-4678-966e-3a31dd5f5ce9)
2025-04-10 14:46:33 | INFO | User 1337142737 requested their events
2025-04-10 14:53:34 | INFO | User 1337142737 started the bot
2025-04-10 14:53:36 | INFO | User 1337142737 opened calendar
2025-04-10 14:53:38 | WARNING | User 1337142737 tried to add existing date 11.04.2025
2025-04-10 14:53:47 | SUCCESS | User 1337142737 cleared all events (1 removed)
2025-04-10 14:53:48 | INFO | User 8104329017 started the bot
2025-04-10 14:53:52 | INFO | User 1337142737 requested their events
2025-04-10 14:53:54 | INFO | User 1337142737 opened calendar
2025-04-10 14:53:56 | SUCCESS | User 1337142737 added new date: 10.04.2025 (ID: 85956b07-a28d-40e7-be5d-4743f0aa8bd8)
2025-04-10 14:53:57 | INFO | User 1337142737 requested their events
2025-04-10 14:55:21 | WARNING | Bot shutting down
2025-04-10 14:55:22 | INFO | Bot stopped
2025-04-10 14:55:22 | INFO | Bot stopped by user
2025-04-10 15:03:24 | INFO | Starting bot polling...
2025-04-10 15:03:24 | INFO | Bot started
2025-04-10 15:03:31 | INFO | User 1337142737 started the bot
2025-04-10 15:03:36 | INFO | User 1337142737 requested their events
2025-04-10 15:25:01 | WARNING | Bot shutting down
2025-04-10 15:25:01 | INFO | Bot stopped
2025-04-10 15:25:01 | INFO | Bot stopped by user
